nohup: ignoring input
[+] 正在執行系統守護巡檢...
[+] 系統守護巡檢完畢，運行一切正常。
[main 6dc958e] chore: auto-guardian sync state
 1 file changed, 2 insertions(+)
To https://github.com/a0956006202-code/auto_traffic_bot.git
   368c02b..6dc958e  main -> main
[+] 正在執行系統守護巡檢...
[!] 發現未提交的變更，正在自動同步...
[+] 系統守護巡檢完畢，運行一切正常。
[main 3f16ee4] chore: auto-guardian sync state
 1 file changed, 7 insertions(+)
To https://github.com/a0956006202-code/auto_traffic_bot.git
   9edda43..3f16ee4  main -> main
[+] 正在執行系統守護巡檢...
[!] 發現未提交的變更，正在自動同步...
[+] 系統守護巡檢完畢，運行一切正常。
[main 536b160] chore: auto-guardian sync state
 1 file changed, 7 insertions(+)
To https://github.com/a0956006202-code/auto_traffic_bot.git
   ce2b96f..536b160  main -> main
[+] 正在執行系統守護巡檢...
[!] 發現未提交的變更，正在自動同步...
[+] 系統守護巡檢完畢，運行一切正常。
